1
2
Fizz
4
Buzz
Fizz
7
8
Fizz
Buzz
11
Fizz
13
14
FizzBuzz
circle has 0 corners and is round
square has 4 corners and is angular
triangle has 3 corners and is angular
first multiple of 7 above 50 is 56
the odd numbers below 10 sum to 25
collatz(27) takes 111 steps
6 is a weekend day
9 is not a day of the week
bonjour
hello
